Microchip MPLAB XC8 Compiler V2.32

Linker command line:

--edf=/opt/microchip/xc8/v2.32/pic/dat/en_msgs.txt -cn -h+main.sym \
  --cmf=main.cmf -z -Q10F200 -o/tmp/xcXjJcAjP -Mmain.map -ver=XC8 Compiler \
  -ASTACK=010h-01Bh -pstack=STACK -ACODE=00h-0FEh -ASTRCODE=00h-0FEh \
  -ASTRING=00h-0FEh -AENTRY=00h-0FFh-0FEh -ABANK0=010h-01Dh -ARAM=010h-01Dh \
  -AABS1=010h-01Fh -ACOMMON=01Ch-01Fh -ASFR0=00h-0Fh -ACONFIG=0FFFh-0FFFh \
  -DCONFIG=2 -AIDLOC=0100h-0103h -DIDLOC=2 -DCODE=2 -DSTRCODE=2 -DSTRING=2 \
  -DCONST=2 -DENTRY=2 \
  -preset_vec=0ffh,reset_wrap=0h,init,end_init,cinit,clrtext -ppowerup=CODE \
  -pfunctab=ENTRY -pstrings=-STRING -k startup.obj main.obj 

Object code version is 3.11

Machine type is 10F200



                Name                               Link     Load   Length Selector   Space Scale
startup.obj     end_init                              2        2        1        0       0
                reset_wrap                            0        0        2        0       0
                reset_vec                            FF       FF        1      1FE       0
main.obj        cinit                                 3        3        2        0       0
                maintext                              5        5        1        A       0

TOTAL           Name                               Link     Load   Length     Space
        CLASS   STACK          

        CLASS   CODE           
                reset_vec                            FF       FF        1         0
                maintext                              5        5        1         0

        CLASS   STRCODE        

        CLASS   STRING         

        CLASS   ENTRY          
                end_init                              2        2        1         0
                cinit                                 3        3        2         0
                reset_wrap                            0        0        2         0

        CLASS   BANK0          

        CLASS   RAM            

        CLASS   ABS1           
                abs_s1                               1C       1C        4         1

        CLASS   COMMON         

        CLASS   SFR0           

        CLASS   CONFIG         

        CLASS   IDLOC          

        CLASS   CONST          



SEGMENTS        Name                           Load    Length   Top    Selector   Space  Class     Delta

                reset_wrap                     000000  000005  000005         0       0  ENTRY       2
                maintext                       000005  000001  000006         A       0  CODE        2
                reset_vec                      0000FF  000001  000100       1FE       0  CODE        2


UNUSED ADDRESS RANGES

        Name                Unused          Largest block    Delta
        BANK0            010-01B             C           1
        CODE             006-0FE            F9           2
        CONFIG           FFF-FFF             1           2
        ENTRY            006-0FE            F9           2
        IDLOC            100-103             4           2
        RAM              010-01B             C           1
        SFR0             000-00F            10           1
        STACK            010-01B             C           1
        STRCODE          006-0FE            F9           2
        STRING           006-0FE            F9           2

                                  Symbol Table

__Habs1                  abs1         000
__Hbank0                 bank0        000
__Hcinit                 cinit        005
__Hclrtext               clrtext      005
__Hcode                  code         000
__Hcommon                common       000
__HcstackBANK0           cstackBANK0  000
__HcstackCOMMON          cstackCOMMON 000
__Hend_init              end_init     003
__Hfunctab               functab      000
__Hinit                  init         002
__Hjmp_tab               jmp_tab      000
__Hmaintext              maintext     000
__Hpowerup               powerup      000
__Hram                   ram          000
__Hreset_vec             reset_vec    100
__Hreset_wrap            reset_wrap   002
__Hsfr0                  sfr0         000
__Hspace_0               (abs)        100
__Hspace_1               (abs)        000
__Hspace_2               (abs)        000
__Hstack                 stack        000
__Hstrings               strings      000
__Htext                  text         000
__Labs1                  abs1         000
__Lbank0                 bank0        000
__Lcinit                 cinit        003
__Lclrtext               clrtext      005
__Lcode                  code         000
__Lcommon                common       000
__LcstackBANK0           cstackBANK0  000
__LcstackCOMMON          cstackCOMMON 000
__Lend_init              end_init     002
__Lfunctab               functab      000
__Linit                  init         002
__Ljmp_tab               jmp_tab      000
__Lmaintext              maintext     000
__Lpowerup               powerup      000
__Lram                   ram          000
__Lreset_vec             reset_vec    0FF
__Lreset_wrap            reset_wrap   000
__Lsfr0                  sfr0         000
__Lspace_0               (abs)        000
__Lspace_1               (abs)        000
__Lspace_2               (abs)        000
__Lstack                 stack        000
__Lstrings               strings      000
__Ltext                  text         000
__S0                     (abs)        006
__S1                     (abs)        000
__S2                     (abs)        000
___int_sp                stack        000
___latbits               (abs)        000
___sp                    stack        000
___stackhi               (abs)        000
___stacklo               (abs)        000
__end_of__initialization cinit        003
__end_of_main            maintext     006
__initialization         cinit        003
__pcstackBANK0           cstackBANK0  000
__pcstackCOMMON          cstackCOMMON 000
__pmaintext              maintext     005
__size_of_main           (abs)        000
_main                    maintext     005
btemp                    (abs)        01C
end_of_initialization    cinit        003
ltemp0                   (abs)        01C
reset_vec                reset_vec    0FF
start                    init         002
start_initialization     cinit        003
ttemp0                   (abs)        01C
wtemp0                   (abs)        01C
wtemp1                   (abs)        01E


MODULE INFORMATION

Module		Function		Class		Link	Load	Size
src/main.c
		_main          		CODE           	0005	0000	1

src/main.c estimated size: 1

shared
		__initialization		ENTRY          	0003	0000	1

shared estimated size: 1

